// Jest Snapshot v1, https://jestjs.io/docs/snapshot-testing

exports[`react email e2e should be able to export 1`] = `"<!DOCTYPE html PUBLIC "-//W3C//DTD XHTML 1.0 Transitional//EN" "http://www.w3.org/TR/xhtml1/DTD/xhtml1-transitional.dtd"><!--$--><html dir="ltr" lang="en"><a href="https://example.com" style="line-height:100%;text-decoration:none;display:inline-block;max-width:100%;background:#000;color:#fff;padding:12px 20px 12px 20px" target="_blank"><span><!--[if mso]><i style="letter-spacing: 20px;mso-font-width:-100%;mso-text-raise:18" hidden>&nbsp;</i><![endif]--></span><span style="max-width:100%;display:inline-block;line-height:120%;mso-padding-alt:0px;mso-text-raise:9px">Click me</span><span><!--[if mso]><i style="letter-spacing: 20px;mso-font-width:-100%" hidden>&nbsp;</i><![endif]--></span></a></html><!--/$-->"`;
